// Vitest Snapshot v1, https://vitest.dev/guide/snapshot.html

exports[`AppPromo > Should render as expected 1`] = `
<div>
  <div
    class="container-fluid app-promo"
  >
    <div
      class="row align-items-start justify-content-center mb-4"
    >
      <div
        class="col-sm-10 max-w-md-340"
      >
        <div
          class="pb-1"
        >
          <h1
            class="fw-bold text-center text-md-start"
          >
            <span
              class="d-inline-block"
            >
              Play With Friends,
            </span>
             
            <span
              class="d-inline-block"
            >
              Not Your Foes!
            </span>
          </h1>
          <div
            class="text-body fs-6 my-4 text-center text-md-start"
          >
            Developed as a way to help streamers thwart Jackbox trolls, this tool gives Twitch streamers the power to decide who can play in games they host by sending invites only to approved users.
          </div>
          <h3>
            How It Works:
          </h3>
          <ul
            class="text-body ps-4 fs-6 my-4"
          >
            <li
              class="mb-1"
            >
              Followers in chat who type 
              <b>
                !join
              </b>
               get added to the 
              <i>
                Interested
              </i>
               lobby.
            </li>
            <li
              class="mb-1"
            >
              The streamer then adds any or all of them to the 
              <i>
                Playing
              </i>
               section. You can even randomize who gets added too!
            </li>
            <li
              class="mb-1"
            >
              Once you enter the room code, press 
              <i>
                Send to Queue
              </i>
               to whisper everyone selected to play.
            </li>
          </ul>
        </div>
      </div>
      <div
        class="max-w-340 text-center"
      >
        <div
          class="twitch-chat-screenshot text-right"
        >
          <img
            alt="Twitch Chat"
            class="twitch-chat img-fluid shadow border border-secondary rounded-4 mx-auto mb-3"
            src="/code-whisperer/src/assets/twitch-chat.png"
          />
        </div>
      </div>
    </div>
    <div
      class="col-md-auto text-center"
    >
      <div
        class="browser-screenshot rounded-1 mb-3"
      >
        <div
          class="row g-1 g-sm-2 browser-bar text-start p-1 fs-6"
        >
          <div
            class="col-auto"
          >
            <i
              class="bi bi-arrow-left"
            />
            <i
              class="bi bi-arrow-clockwise"
            />
          </div>
          <div
            class="col"
          >
            <div
              class="browser-address-bar rounded-4 d-flex justify-content-between"
            >
              <div
                class="url-left"
              >
                <i
                  class="bi bi-info-circle"
                />
                <span
                  class="browser-address-url "
                >
                  http://
                  <span>
                    dcpesses.github.io
                  </span>
                  /code-whisperer
                </span>
              </div>
              <div
                class="url-right"
              >
                <i
                  class="bi bi-star"
                />
              </div>
            </div>
          </div>
          <div
            class="col-auto"
          >
            <i
              class="bi bi-three-dots-vertical"
            />
          </div>
        </div>
        <img
          alt="App Screenshot"
          class="screenshot img-fluid shadow border border-secondary rounded-2 mx-auto mb-1"
          src="/code-whisperer/src/assets/screenshot2.png"
        />
      </div>
    </div>
    <div
      class="col-md-auto text-center"
    >
      <div
        class="fs-6 my-3"
      >
        Oh, and did we mention it's free to use?*
      </div>
      <a
        class="btn btn-sm fs-4 py-2 px-3 rounded-4 my-4 btn-purple bg-gradient focus-ring"
        href="https://id.twitch.tv/oauth2/authorize?client_id=VITE_APP_TWITCH_CLIENT_ID&response_type=code&scope=chat:read chat:edit moderation:read user:manage:whispers moderator:read:chatters user:read:moderated_channels channel:read:vips channel:read:editors moderator:manage:announcements user:read:subscriptions&redirect_uri=VITE_APP_REDIRECT_URI"
      >
        <span
          class="d-inline-block"
        >
          Go ahead, log in with 
          <strong>
            Twitch
          </strong>
        </span>
         
        <span
          class="d-inline-block"
        >
          and take it for a spin!
        </span>
      </a>
    </div>
    <div
      class="col-md-8 m-auto text-center"
    >
      <div
        class="fs-6 my-4"
      >
        View 
        <a
          class="emphasis"
          href="https://github.com/dcpesses/code-whisperer"
          rel="noreferrer"
          target="_blank"
        >
          Code Whisperer on GitHub
        </a>
         for more information, including documentation, planned features, technical support, and ways to contribute.
      </div>
    </div>
    <div
      class="col-md-auto text-center"
    >
      <div
        class="text-body fs-6 my-4"
      >
        * Yes seriously, it is free. That said, 
        <span
          class="d-inline-block"
        >
          you're also welcome to 
          <a
            class="emphasis"
            href="https://ko-fi.com/V7V6VSUT1"
            rel="noreferrer"
            target="_blank"
          >
            leave a tip!
          </a>
        </span>
        <div
          class="py-2"
        >
          <a
            class="emphasis"
            href="https://ko-fi.com/V7V6VSUT1"
            rel="noreferrer"
            target="_blank"
          >
            <img
              alt="Support me on Ko-fi"
              class="img-fluid"
              src="https://camo.githubusercontent.com/70e2ef5e0263b261f9a2a314bb1d6919d1d43292eed117fe8fc766a68c7d96ea/68747470733a2f2f6b6f2d66692e636f6d2f696d672f676974687562627574746f6e5f736d2e737667"
            />
          </a>
        </div>
      </div>
    </div>
  </div>
</div>
`;
