// Vitest Snapshot v1, https://vitest.dev/guide/snapshot.html

exports[`MainScreen > Should render without error 1`] = `
<div>
  <div
    class="main-screen"
  >
    <nav
      class="bg-body-tertiary mb-3 py-0 raleway-font navbar navbar-light"
      data-bs-theme="dark"
    >
      <div
        class="container-fluid"
      >
        <span
          class="fw-semibold navbar-brand"
        >
          <img
            alt="TwitchUser"
            class="rounded-circle navbar-pfp-img proxy-profile-img"
            src="https://static-cdn.jtvnw.net/jtv_user_pictures/profile_image-300x300.png"
          />
          <img
            alt="TwitchStreamer"
            class="rounded-circle navbar-pfp-img"
            src="https://static-cdn.jtvnw.net/jtv_user_pictures/profile_image-300x300.png"
          />
           
          TwitchStreamer
        </span>
        <button
          aria-controls="navbar-options-menu"
          aria-label="Toggle navigation"
          class="border-0 rounded-0 navbar-toggler collapsed"
          data-margin-right=""
          style=""
          type="button"
        >
          <span
            class="navbar-toggler-icon"
          />
        </button>
        <div
          aria-labelledby="navbar-options-menu-label"
          class="raleway-font offcanvas offcanvas-end"
          id="navbar-options-menu"
        >
          <div
            class="offcanvas-header"
          >
            <div
              class="fw-bold fs-4 offcanvas-title h5"
              id="navbar-options-menu-label"
            >
              Options
            </div>
            <button
              aria-label="Close"
              class="btn-close"
              type="button"
            />
          </div>
          <div
            class="fw-medium offcanvas-body"
          >
            <div
              class="justify-content-end flex-grow-1 pe-3 fs-5 navbar-nav"
            >
              <a
                class="nav-link"
                href="#"
                role="button"
                tabindex="0"
              >
                Logout
              </a>
              <hr
                class="border-bottom my-2"
              />
              <a
                class="settings-menu nav-link"
                href="#"
                role="button"
                tabindex="0"
              >
                Settings
              </a>
              <div
                class="accordion-dark accordion accordion-flush collapse"
                id="settings-menu"
              >
                <div
                  class="accordion-body"
                >
                  <button
                    class="btn settings-menu btn btn-link"
                    id="enable-room-code"
                    title="Allows host to set a room code that can be whispered to players."
                    type="button"
                  >
                    <input
                      readonly=""
                      role="switch"
                      type="checkbox"
                    />
                     
                    <span>
                      Enable Room Code
                    </span>
                  </button>
                  <button
                    class="btn settings-menu btn btn-link"
                    title="Replaces the !join command with a custom term to use to join the Interested queue."
                    type="button"
                  >
                    <span
                      for="custom-join-command"
                    >
                      Use Custom Join Command: 
                    </span>
                    <input
                      class="form-control"
                      id="custom-join-command"
                      name="custom-join-command"
                      placeholder="e.g. !join"
                      spellcheck="false"
                      type="text"
                      value=""
                    />
                  </button>
                  <button
                    class="btn settings-menu btn btn-link"
                    title="Messages users in chat when they've successfully joined the Interested queue."
                    type="button"
                  >
                    <input
                      readonly=""
                      role="switch"
                      type="checkbox"
                    />
                     
                    <span>
                      Show Join Confirmation Message
                    </span>
                  </button>
                  <button
                    class="btn settings-menu btn btn-link"
                    title="Replaces the !leave command with a custom term to use to leave all of the queues."
                    type="button"
                  >
                    <span
                      for="custom-leave-command"
                    >
                      Use Custom Leave Command: 
                    </span>
                    <input
                      class="form-control"
                      id="custom-leave-command"
                      name="custom-leave-command"
                      placeholder="e.g. !leave"
                      spellcheck="false"
                      type="text"
                      value=""
                    />
                  </button>
                  <button
                    class="btn settings-menu btn btn-link"
                    title="Messages users in chat when they've successfully left the queues."
                    type="button"
                  >
                    <input
                      readonly=""
                      role="switch"
                      type="checkbox"
                    />
                     
                    <span>
                      Show Leave Confirmation Message
                    </span>
                  </button>
                  <button
                    class="btn settings-menu btn btn-link"
                    title="Uses a custom character or emote to separate requests listed in the chat."
                    type="button"
                  >
                    <span
                      for="custom-delimiter"
                    >
                      Use Custom Delimiter: 
                    </span>
                    <input
                      class="form-control"
                      id="custom-delimiter"
                      name="custom-delimiter"
                      spellcheck="false"
                      type="text"
                      value=""
                    />
                  </button>
                  <hr
                    class="border-bottom my-2"
                  />
                  <h5>
                    Beta Options
                  </h5>
                  <div
                    class="smaller"
                  >
                    These options have not been fully tested and may not work as intended.
                  </div>
                  <button
                    class="btn settings-menu btn btn-link"
                    id="enable-moderated-channels-option"
                    title="Allows user to use this app on another channel that grants them moderation access."
                    type="button"
                  >
                    <input
                      readonly=""
                      role="switch"
                      type="checkbox"
                    />
                     
                    <span>
                      Enable Moderated Channels Menu
                    </span>
                  </button>
                </div>
              </div>
              <a
                class="nav-link"
                href="#"
                role="button"
                tabindex="0"
              >
                View Chat Commands
              </a>
              <a
                class="nav-link"
                href="#"
                role="button"
                tabindex="0"
              >
                What's New
              </a>
              <div
                class="position-absolute bottom-0 start-0 end-0 pb-3 text-center"
                id="options-debug-menu-items"
              >
                <a
                  class="nav-link"
                  href="#"
                  role="button"
                  tabindex="0"
                  title="Wanna support the development of Code Whisperer? Donations are never expected but are always appreciated!"
                >
                  <img
                    alt="Support Me on Ko-fi"
                    src="https://ko-fi.com/img/githubbutton_sm.svg"
                  />
                </a>
                <div
                  class="dropup-center dropup"
                  id="dropdown-debug-menu-items"
                  variant="link"
                >
                  <button
                    aria-expanded="false"
                    class="text-decoration-none dropdown-toggle btn btn-link btn-sm"
                    id="dropdown-debug-menu-items-toggle"
                    type="button"
                  >
                    version 0.0.0
                  </button>
                </div>
              </div>
            </div>
          </div>
        </div>
      </div>
    </nav>
    <div
      class="container mx-auto"
      id="content"
    >
      <div
        class="queues d-flex flex-column flex-md-row my-2 flex-wrap"
      >
        <div
          class="queue my-1 px-md-1 col-12"
        >
          <div
            class="d-flex align-items-center p-3 my-3 text-white bg-purple rounded shadow-sm libre-franklin-font col-lg-8 col-xl-7 col-xxl-6 mx-auto"
          >
            <div
              class="input-group"
            >
              <input
                aria-autocomplete="none"
                aria-describedby="btn-send-to-queue"
                aria-label="Enter Room Code"
                autocomplete="false"
                class="form-control libre-franklin-font"
                name="room-code"
                placeholder="ENTER ROOM CODE"
                role="presentation"
                title="Paste Room Code Here"
                type="text"
                value=""
              />
              <button
                class="btn btn-primary libre-franklin-font text-uppercase"
                disabled=""
                id="btn-send-to-queue"
                title="Send Code to All Players"
                type="button"
              >
                Send to Queue
              </button>
            </div>
          </div>
        </div>
        <div
          class="queue my-1 px-md-1 col-12"
        >
          <div
            class="bg-body rounded shadow-sm p-2 d-flex justify-content-between"
          >
            <div
              class="toggle-streamer-seat"
            >
              <label
                class="toggle-label form-check-label"
                for="reserve-seat-for-streamer"
              >
                Reserve seat for streamer?
              </label>
              <div
                class="form-check form-switch"
              >
                <input
                  class="form-check-input"
                  id="reserve-seat-for-streamer"
                  role="switch"
                  type="checkbox"
                />
              </div>
            </div>
            <div
              class="fs-6 lh-sm align-self-center"
            >
              <div
                class="player-count"
              >
                0
                 of 
                8
                 seats claimed
              </div>
            </div>
          </div>
        </div>
        <div
          class="queue my-1 px-md-1 col-12 col-md-6 order-2 order-md-1"
        >
          <div
            class="bg-body rounded shadow-sm p-2"
          >
            <h6
              class="pb-2 m-2 mb-0 libre-franklin-font text-dark-emphasis text-uppercase clearfix d-flex align-items-bottom"
            >
              <span
                class="queue-header me-auto align-self-center"
              >
                <i
                  class="bi-people text-purple-1 fs-5"
                />
                 Interested
              </span>
              <button
                class="btn btn-sm"
              >
                Randomize
              </button>
            </h6>
            <div
              class="d-flex flex-column text-body interested-queue rand-0"
            />
          </div>
        </div>
        <div
          class="queue my-1 px-md-1 col-12 col-md-6 order-1 order-md-2"
        >
          <div
            class="bg-body rounded shadow-sm p-2"
          >
            <h6
              class="pb-2 m-2 mb-0 libre-franklin-font text-dark-emphasis text-uppercase clearfix d-flex align-items-bottom"
            >
              <span
                class="queue-header me-auto align-self-center"
              >
                <i
                  class="bi-people-fill text-purple-1 fs-5"
                />
                 Playing
              </span>
              <button
                class="btn btn-sm strt-game disabled"
              >
                Clear Seats
              </button>
            </h6>
            <div
              class="d-flex flex-column text-body playing-queue"
            />
          </div>
        </div>
      </div>
    </div>
  </div>
</div>
`;
