// Vitest Snapshot v1, https://vitest.dev/guide/snapshot.html

exports[`AuthenticatedApp > render > should render with MainScreen 1`] = `
<div
  id="authenticated-app container text-center"
>
  <MainScreen
    accessToken={null}
    onLogOut={[Function]}
    profile_image_url=""
    toggleDebugView={[Function]}
    updateUsername={[Function]}
    user_id={0}
    username="sirgoosewell"
  />
</div>
`;

exports[`AuthenticatedApp > render > should render with Navigate on failed login 1`] = `
<Navigate
  to="/login"
/>
`;

exports[`AuthenticatedApp > render > should render with Navigate on has_logged_out state 1`] = `
<Navigate
  to="/login"
/>
`;

exports[`AuthenticatedApp > render > should render with null 1`] = `
<div
  id="authenticated-app container text-center"
>
  <div
    className="col display-6 text-center full-pg"
  >
    <div />
    <div>
      <LoadingRipple />
      <br />
      Loading...
    </div>
    <div />
  </div>
</div>
`;
