// Vitest Snapshot v1, https://vitest.dev/guide/snapshot.html

exports[`AuthenticatedApp > render > should render with Login on failed login 1`] = `<Login />`;

exports[`AuthenticatedApp > render > should render with Login on has_logged_out state 1`] = `<Login />`;

exports[`AuthenticatedApp > render > should render with MainScreen 1`] = `
<div
  id="authenticated-app container text-center"
>
  <div
    className="col display-6 text-center full-pg"
  >
    <div />
    <div>
      <LoadingRipple />
      <br />
      Loading...
    </div>
    <div />
  </div>
</div>
`;

exports[`AuthenticatedApp > render > should render with null 1`] = `
<div
  id="authenticated-app container text-center"
>
  <div
    className="col display-6 text-center full-pg"
  >
    <div />
    <div>
      <LoadingRipple />
      <br />
      Loading...
    </div>
    <div />
  </div>
</div>
`;
