// Vitest Snapshot v1, https://vitest.dev/guide/snapshot.html

exports[`TestUserForm > Should render as expected 1`] = `
<div>
  <div
    class="p-3 my-3 text-white bg-body rounded shadow-sm libre-franklin-font col-lg-8 col-xl-7 col-xxl-6"
  >
    <div
      class="text-center input-group"
    >
      <input
        aria-describedby="btn-load-user-info"
        class="form-control libre-franklin-font bg-dark-subtle"
        placeholder="Enter a Streamer"
        type="text"
        value=""
      />
      <button
        class="btn btn-primary libre-franklin-font"
        id="btn-load-user-info"
        type="button"
      >
        Load User Info
      </button>
    </div>
    <div
      class="pt-2 d-none"
    >
      <button
        class="btn btn-primary"
      >
        Log Out
      </button>
    </div>
  </div>
</div>
`;
