// Vitest Snapshot v1, https://vitest.dev/guide/snapshot.html

exports[`todos reducer > should handle initial state 1`] = `
[
  {
    "completed": false,
    "id": 1708982768968,
    "text": "Hit the gym",
  },
  {
    "completed": true,
    "id": 1708982943626,
    "text": "Meet George",
  },
]
`;
