// Vitest Snapshot v1, https://vitest.dev/guide/snapshot.html

exports[`Todos > Should render as expected 1`] = `
<div>
  <div
    class="todos"
  >
    <div
      class="add-todo"
    >
      <input
        placeholder="Enter a Todo..."
        type="text"
        value=""
      />
      <button>
        Add Todo
      </button>
    </div>
    <ul
      class="todos-list"
    >
      <li
        class="todo-list-item"
      >
        <span
          class="item-checkbox"
        >
          <input
            title="Mark Complete"
            type="checkbox"
          />
        </span>
        <span
          class="item-content"
          style="text-decoration: none;"
        >
          Hit the gym
        </span>
        <span
          class="item-actions"
        >
          <button
            class="item-actions-edit"
            title="Edit"
          >
            ✎
          </button>
          <button
            class="item-actions-delete"
            title="Delete"
          >
            ✖
          </button>
        </span>
      </li>
      <li
        class="todo-list-item"
      >
        <span
          class="item-checkbox"
        >
          <input
            title="Mark Incomplete"
            type="checkbox"
          />
        </span>
        <span
          class="item-content"
          style="text-decoration: line-through;"
        >
          Meet George
        </span>
        <span
          class="item-actions"
        >
          <button
            class="item-actions-edit"
            title="Edit"
          >
            ✎
          </button>
          <button
            class="item-actions-delete"
            title="Delete"
          >
            ✖
          </button>
        </span>
      </li>
    </ul>
  </div>
</div>
`;
