// Vitest Snapshot v1, https://vitest.dev/guide/snapshot.html

exports[`App > Should render as expected 1`] = `
<div>
  <header
    class="App-header"
  >
    <img
      alt="logo"
      class="App-logo"
      src="/vite-react-ts-gh/src/assets/logo.svg"
    />
    <p>
      <span
        class="h2"
      >
        Hello Vite + React!
      </span>
    </p>
    <p>
      Edit 
      <code>
        App.tsx
      </code>
       and save to test HMR updates.
    </p>
    <p>
      <span
        class="h1"
      >
        <a
          class="App-link"
          href="#/demo"
        >
          View Demos
        </a>
      </span>
    </p>
    <p>
      <a
        class="App-link"
        href="https://reactjs.org"
        rel="noopener noreferrer"
        target="_blank"
      >
        Learn React
      </a>
       | 
      <a
        class="App-link"
        href="https://vitejs.dev/guide/features.html"
        rel="noopener noreferrer"
        target="_blank"
      >
        Vite Docs
      </a>
    </p>
    <p
      class="last-updated"
    >
      <small />
    </p>
  </header>
</div>
`;
