// Vitest Snapshot v1, https://vitest.dev/guide/snapshot.html

exports[`App > Should render as expected 1`] = `
<div>
  <header
    class="App-header full-pg"
  >
    <a
      class="App-link"
      href="#/demo"
    >
      <img
        alt="logo"
        class="App-logo"
        src="/code-whisperer/src/assets/new-logo.svg"
      />
    </a>
    <p>
      <span
        class="h1"
      >
        Game Code Whisperer
      </span>
    </p>
    <p>
      <span
        class="h3"
      >
        Coming Soon
      </span>
    </p>
    <p
      class="last-updated"
    >
      <small />
    </p>
  </header>
</div>
`;
