// Vitest Snapshot v1, https://vitest.dev/guide/snapshot.html

exports[`GameCodeForm > Should render as expected 1`] = `
<div>
  <div
    class="d-flex align-items-center p-3 my-3 text-white bg-purple rounded shadow-sm libre-franklin-font"
  >
    <div
      class="input-group"
    >
      <input
        aria-describedby="btn-send-to-queue"
        aria-label="Enter Code"
        class="form-control libre-franklin-font"
        placeholder="ENTER CODE"
        type="text"
      />
      <button
        class="btn btn-primary libre-franklin-font text-uppercase"
        id="btn-send-to-queue"
        type="button"
      >
        Send to Queue
      </button>
    </div>
  </div>
</div>
`;
