// Vitest Snapshot v1, https://vitest.dev/guide/snapshot.html

exports[`GameCodeForm > Should render as expected 1`] = `
<div>
  <div
    class="d-flex align-items-center p-3 my-3 text-white bg-purple rounded shadow-sm libre-franklin-font col-lg-8 col-xl-7 col-xxl-6"
  >
    <div
      class="input-group"
    >
      <input
        aria-autocomplete="none"
        aria-describedby="btn-send-to-queue"
        aria-label="Enter Room Code"
        autocomplete="false"
        class="form-control libre-franklin-font"
        name="room-code"
        placeholder="ENTER ROOM CODE"
        role="presentation"
        title="Paste Room Code Here"
        type="text"
        value=""
      />
      <button
        class="btn btn-primary libre-franklin-font text-uppercase"
        id="btn-send-to-queue"
        title="Send Code to All Players"
        type="button"
      >
        Send to Queue
      </button>
    </div>
  </div>
</div>
`;
